2021-12-14 17:44:04,645 - test - INFO - sdsdsd
2021-12-14 17:44:22,441 - test - INFO - sdsdsd
2021-12-14 17:44:37,488 - test - INFO - sdsdsd
2021-12-14 17:44:48,167 - test - INFO - sdsdsd
2021-12-14 17:45:04,804 - test - INFO - sdsdsd
2021-12-14 17:45:42,034 - test - INFO - sdsdsd
2021-12-14 17:45:54,884 - test - INFO - sdsdsd
2021-12-14 17:46:22,696 - test - INFO - sdsdsd
2021-12-14 17:46:45,763 - test - INFO - sdsdsd
2021-12-14 17:50:06,477 - test - INFO - sdsdsd
2021-12-14 17:51:17,788 - test - INFO - sdsdsd
2021-12-14 17:51:36,956 - test - INFO - sdsdsd
